

  █ THRESHOLDS 

    http_req_duration
    ✓ 'p(99)<250' p(99)=44.79ms

      {expected_response:true}
      ✓ 'avg<100' avg=9.41ms

    http_req_failed
    ✓ 'rate<0.01' rate=0.00%


  █ TOTAL RESULTS 

    checks_total.......: 5401    179.992477/s
    checks_succeeded...: 100.00% 5401 out of 5401
    checks_failed......: 0.00%   0 out of 5401

    ✓ accepted

    HTTP
    http_req_duration..............: avg=9.41ms p(50)=7.11ms p(95)=22.03ms p(99)=44.79ms max=173.47ms
      { expected_response:true }...: avg=9.41ms p(50)=7.11ms p(95)=22.03ms p(99)=44.79ms max=173.47ms
    http_req_failed................: 0.00%  0 out of 5401
    http_reqs......................: 5401   179.992477/s

    EXECUTION
    iteration_duration.............: avg=9.72ms p(50)=7.42ms p(95)=22.4ms  p(99)=46.27ms max=181.96ms
    iterations.....................: 5401   179.992477/s
    vus............................: 2      min=1         max=6  
    vus_max........................: 200    min=200       max=200

    NETWORK
    data_received..................: 621 kB 21 kB/s
    data_sent......................: 1.5 MB 50 kB/s



