

  █ THRESHOLDS 

    http_req_duration
    ✓ 'p(99)<250' p(99)=21.65ms

      {expected_response:true}
      ✓ 'avg<100' avg=6.22ms

    http_req_failed
    ✓ 'rate<0.01' rate=0.00%


  █ TOTAL RESULTS 

    checks_total.......: 5401    179.991091/s
    checks_succeeded...: 100.00% 5401 out of 5401
    checks_failed......: 0.00%   0 out of 5401

    ✓ accepted

    HTTP
    http_req_duration..............: avg=6.22ms p(50)=5.33ms p(95)=11.37ms p(99)=21.65ms max=40.96ms
      { expected_response:true }...: avg=6.22ms p(50)=5.33ms p(95)=11.37ms p(99)=21.65ms max=40.96ms
    http_req_failed................: 0.00%  0 out of 5401
    http_reqs......................: 5401   179.991091/s

    EXECUTION
    iteration_duration.............: avg=6.53ms p(50)=5.63ms p(95)=11.77ms p(99)=21.91ms max=42.19ms
    iterations.....................: 5401   179.991091/s
    vus............................: 2      min=1         max=2  
    vus_max........................: 200    min=200       max=200

    NETWORK
    data_received..................: 621 kB 21 kB/s
    data_sent......................: 1.5 MB 50 kB/s



