

  █ THRESHOLDS 

    http_req_duration
    ✓ 'p(99)<250' p(99)=23.12ms

      {expected_response:true}
      ✓ 'avg<100' avg=6.4ms

    http_req_failed
    ✓ 'rate<0.01' rate=0.00%


  █ TOTAL RESULTS 

    checks_total.......: 5401    179.943916/s
    checks_succeeded...: 100.00% 5401 out of 5401
    checks_failed......: 0.00%   0 out of 5401

    ✓ accepted

    HTTP
    http_req_duration..............: avg=6.4ms  p(50)=5.4ms p(95)=11.49ms p(99)=23.12ms max=65.38ms
      { expected_response:true }...: avg=6.4ms  p(50)=5.4ms p(95)=11.49ms p(99)=23.12ms max=65.38ms
    http_req_failed................: 0.00%  0 out of 5401
    http_reqs......................: 5401   179.943916/s

    EXECUTION
    iteration_duration.............: avg=6.71ms p(50)=5.7ms p(95)=11.85ms p(99)=23.37ms max=65.68ms
    iterations.....................: 5401   179.943916/s
    vus............................: 1      min=0         max=6  
    vus_max........................: 200    min=200       max=200

    NETWORK
    data_received..................: 621 kB 21 kB/s
    data_sent......................: 1.5 MB 50 kB/s



