

  █ THRESHOLDS 

    http_req_duration
    ✓ 'p(99)<250' p(99)=24.32ms

      {expected_response:true}
      ✓ 'avg<100' avg=6.13ms

    http_req_failed
    ✓ 'rate<0.01' rate=0.00%


  █ TOTAL RESULTS 

    checks_total.......: 5401    179.995493/s
    checks_succeeded...: 100.00% 5401 out of 5401
    checks_failed......: 0.00%   0 out of 5401

    ✓ accepted

    HTTP
    http_req_duration..............: avg=6.13ms p(50)=5.21ms p(95)=11.16ms p(99)=24.32ms max=53.79ms
      { expected_response:true }...: avg=6.13ms p(50)=5.21ms p(95)=11.16ms p(99)=24.32ms max=53.79ms
    http_req_failed................: 0.00%  0 out of 5401
    http_reqs......................: 5401   179.995493/s

    EXECUTION
    iteration_duration.............: avg=6.44ms p(50)=5.52ms p(95)=11.6ms  p(99)=24.8ms  max=54.01ms
    iterations.....................: 5401   179.995493/s
    vus............................: 1      min=1         max=2  
    vus_max........................: 200    min=200       max=200

    NETWORK
    data_received..................: 621 kB 21 kB/s
    data_sent......................: 1.5 MB 50 kB/s



