

  █ THRESHOLDS 

    http_req_duration
    ✓ 'p(99)<250' p(99)=74.7ms

      {expected_response:true}
      ✓ 'avg<100' avg=6.93ms

    http_req_failed
    ✓ 'rate<0.01' rate=0.00%


  █ TOTAL RESULTS 

    checks_total.......: 5401    179.946674/s
    checks_succeeded...: 100.00% 5401 out of 5401
    checks_failed......: 0.00%   0 out of 5401

    ✓ accepted

    HTTP
    http_req_duration..............: avg=6.93ms p(50)=4.89ms p(95)=12.82ms p(99)=74.7ms  max=146.03ms
      { expected_response:true }...: avg=6.93ms p(50)=4.89ms p(95)=12.82ms p(99)=74.7ms  max=146.03ms
    http_req_failed................: 0.00%  0 out of 5401
    http_reqs......................: 5401   179.946674/s

    EXECUTION
    iteration_duration.............: avg=7.24ms p(50)=5.18ms p(95)=13.14ms p(99)=75.65ms max=147.14ms
    iterations.....................: 5401   179.946674/s
    vus............................: 1      min=0         max=3  
    vus_max........................: 200    min=200       max=200

    NETWORK
    data_received..................: 621 kB 21 kB/s
    data_sent......................: 1.5 MB 50 kB/s



