

  █ THRESHOLDS 

    http_req_duration
    ✓ 'p(99)<250' p(99)=41.62ms

      {expected_response:true}
      ✓ 'avg<100' avg=6.5ms

    http_req_failed
    ✓ 'rate<0.01' rate=0.00%


  █ TOTAL RESULTS 

    checks_total.......: 5401    179.996328/s
    checks_succeeded...: 100.00% 5401 out of 5401
    checks_failed......: 0.00%   0 out of 5401

    ✓ accepted

    HTTP
    http_req_duration..............: avg=6.5ms p(50)=4.95ms p(95)=12.44ms p(99)=41.62ms max=114.56ms
      { expected_response:true }...: avg=6.5ms p(50)=4.95ms p(95)=12.44ms p(99)=41.62ms max=114.56ms
    http_req_failed................: 0.00%  0 out of 5401
    http_reqs......................: 5401   179.996328/s

    EXECUTION
    iteration_duration.............: avg=6.8ms p(50)=5.23ms p(95)=12.74ms p(99)=41.92ms max=115.83ms
    iterations.....................: 5401   179.996328/s
    vus............................: 1      min=1         max=4  
    vus_max........................: 200    min=200       max=200

    NETWORK
    data_received..................: 621 kB 21 kB/s
    data_sent......................: 1.5 MB 50 kB/s



