

  █ THRESHOLDS 

    http_req_duration
    ✓ 'p(99)<250' p(99)=20.25ms

      {expected_response:true}
      ✓ 'avg<100' avg=6.11ms

    http_req_failed
    ✓ 'rate<0.01' rate=0.00%


  █ TOTAL RESULTS 

    checks_total.......: 5400    179.991643/s
    checks_succeeded...: 100.00% 5400 out of 5400
    checks_failed......: 0.00%   0 out of 5400

    ✓ accepted

    HTTP
    http_req_duration..............: avg=6.11ms p(50)=5.3ms p(95)=10.94ms p(99)=20.25ms max=52.52ms
      { expected_response:true }...: avg=6.11ms p(50)=5.3ms p(95)=10.94ms p(99)=20.25ms max=52.52ms
    http_req_failed................: 0.00%  0 out of 5400
    http_reqs......................: 5400   179.991643/s

    EXECUTION
    iteration_duration.............: avg=6.42ms p(50)=5.6ms p(95)=11.4ms  p(99)=20.49ms max=52.86ms
    iterations.....................: 5400   179.991643/s
    vus............................: 1      min=1         max=3  
    vus_max........................: 200    min=200       max=200

    NETWORK
    data_received..................: 621 kB 21 kB/s
    data_sent......................: 1.5 MB 50 kB/s



