

  █ THRESHOLDS 

    http_req_duration
    ✓ 'p(99)<250' p(99)=163.23ms

      {expected_response:true}
      ✓ 'avg<100' avg=11.91ms

    http_req_failed
    ✓ 'rate<0.01' rate=0.00%


  █ TOTAL RESULTS 

    checks_total.......: 5400    179.984285/s
    checks_succeeded...: 100.00% 5400 out of 5400
    checks_failed......: 0.00%   0 out of 5400

    ✓ accepted

    HTTP
    http_req_duration..............: avg=11.91ms p(50)=6.28ms p(95)=26.96ms p(99)=163.23ms max=332.93ms
      { expected_response:true }...: avg=11.91ms p(50)=6.28ms p(95)=26.96ms p(99)=163.23ms max=332.93ms
    http_req_failed................: 0.00%  0 out of 5400
    http_reqs......................: 5400   179.984285/s

    EXECUTION
    iteration_duration.............: avg=12.21ms p(50)=6.56ms p(95)=27.3ms  p(99)=164.36ms max=334.37ms
    iterations.....................: 5400   179.984285/s
    vus............................: 1      min=1         max=11 
    vus_max........................: 200    min=200       max=200

    NETWORK
    data_received..................: 621 kB 21 kB/s
    data_sent......................: 1.5 MB 50 kB/s



