

  █ THRESHOLDS 

    http_req_duration
    ✓ 'p(99)<250' p(99)=16.25ms

      {expected_response:true}
      ✓ 'avg<100' avg=10.23ms

    http_req_failed
    ✓ 'rate<0.01' rate=0.00%


  █ TOTAL RESULTS 

    checks_total.......: 601     40.038246/s
    checks_succeeded...: 100.00% 601 out of 601
    checks_failed......: 0.00%   0 out of 601

    ✓ accepted

    HTTP
    http_req_duration..............: avg=10.23ms p(50)=9.87ms p(95)=14.25ms p(99)=16.25ms max=25.19ms
      { expected_response:true }...: avg=10.23ms p(50)=9.87ms p(95)=14.25ms p(99)=16.25ms max=25.19ms
    http_req_failed................: 0.00%  0 out of 601
    http_reqs......................: 601    40.038246/s

    EXECUTION
    iteration_duration.............: avg=10.91ms p(50)=10.6ms p(95)=14.82ms p(99)=16.94ms max=25.45ms
    iterations.....................: 601    40.038246/s
    vus............................: 1      min=1        max=1  
    vus_max........................: 200    min=200      max=200

    NETWORK
    data_received..................: 6.4 MB 429 kB/s
    data_sent......................: 46 kB  3.0 kB/s



