

  █ THRESHOLDS 

    http_req_duration
    ✓ 'p(99)<250' p(99)=16.5ms

      {expected_response:true}
      ✓ 'avg<100' avg=9.78ms

    http_req_failed
    ✓ 'rate<0.01' rate=0.00%


  █ TOTAL RESULTS 

    checks_total.......: 1201    79.989469/s
    checks_succeeded...: 100.00% 1201 out of 1201
    checks_failed......: 0.00%   0 out of 1201

    ✓ accepted

    HTTP
    http_req_duration..............: avg=9.78ms  p(50)=9.34ms p(95)=13.83ms p(99)=16.5ms  max=25.68ms
      { expected_response:true }...: avg=9.78ms  p(50)=9.34ms p(95)=13.83ms p(99)=16.5ms  max=25.68ms
    http_req_failed................: 0.00% 0 out of 1201
    http_reqs......................: 1201  79.989469/s

    EXECUTION
    iteration_duration.............: avg=10.24ms p(50)=9.86ms p(95)=14.47ms p(99)=16.95ms max=25.88ms
    iterations.....................: 1201  79.989469/s
    vus............................: 1     min=1         max=1  
    vus_max........................: 200   min=200       max=200

    NETWORK
    data_received..................: 13 MB 856 kB/s
    data_sent......................: 91 kB 6.1 kB/s



