

  █ THRESHOLDS 

    http_req_duration
    ✓ 'p(99)<250' p(99)=15.62ms

      {expected_response:true}
      ✓ 'avg<100' avg=10.08ms

    http_req_failed
    ✓ 'rate<0.01' rate=0.00%


  █ TOTAL RESULTS 

    checks_total.......: 301     20.051299/s
    checks_succeeded...: 100.00% 301 out of 301
    checks_failed......: 0.00%   0 out of 301

    ✓ accepted

    HTTP
    http_req_duration..............: avg=10.08ms p(50)=9.71ms  p(95)=14.18ms p(99)=15.62ms max=26.77ms
      { expected_response:true }...: avg=10.08ms p(50)=9.71ms  p(95)=14.18ms p(99)=15.62ms max=26.77ms
    http_req_failed................: 0.00%  0 out of 301
    http_reqs......................: 301    20.051299/s

    EXECUTION
    iteration_duration.............: avg=11.19ms p(50)=10.83ms p(95)=15.29ms p(99)=17.9ms  max=30.84ms
    iterations.....................: 301    20.051299/s
    vus............................: 1      min=1        max=1  
    vus_max........................: 200    min=200      max=200

    NETWORK
    data_received..................: 3.2 MB 215 kB/s
    data_sent......................: 23 kB  1.5 kB/s



