time="2026-09-20T14:57:30Z" level=warning msg="Insufficient VUs, reached 200 active VUs and cannot initialize more" executor=constant-arrival-rate scenario=ingest


  █ THRESHOLDS 

    http_req_duration
    ✓ 'p(99)<250' p(99)=140.66ms

      {expected_response:true}
      ✓ 'avg<100' avg=43.12ms

    http_req_failed
    ✓ 'rate<0.01' rate=0.00%


  █ TOTAL RESULTS 

    checks_total.......: 34194   2274.064801/s
    checks_succeeded...: 100.00% 34194 out of 34194
    checks_failed......: 0.00%   0 out of 34194

    ✓ accepted

    HTTP
    http_req_duration..............: avg=43.12ms p(50)=36.89ms p(95)=99.13ms p(99)=140.66ms max=258.26ms
      { expected_response:true }...: avg=43.12ms p(50)=36.89ms p(95)=99.13ms p(99)=140.66ms max=258.26ms
    http_req_failed................: 0.00%  0 out of 34194
    http_reqs......................: 34194  2274.064801/s

    EXECUTION
    dropped_iterations.............: 1809   120.307166/s
    iteration_duration.............: avg=44.35ms p(50)=37.01ms p(95)=99.65ms p(99)=142.58ms max=1.13s   
    iterations.....................: 34194  2274.064801/s
    vus............................: 85     min=18         max=200
    vus_max........................: 200    min=200        max=200

    NETWORK
    data_received..................: 2.9 MB 193 kB/s
    data_sent......................: 2.7 MB 182 kB/s



