

  █ THRESHOLDS 

    http_req_duration
    ✓ 'p(99)<250' p(99)=15.99ms

      {expected_response:true}
      ✓ 'avg<100' avg=9.7ms

    http_req_failed
    ✓ 'rate<0.01' rate=0.00%


  █ TOTAL RESULTS 

    checks_total.......: 901     60.004816/s
    checks_succeeded...: 100.00% 901 out of 901
    checks_failed......: 0.00%   0 out of 901

    ✓ accepted

    HTTP
    http_req_duration..............: avg=9.7ms   p(50)=9.29ms p(95)=13.66ms p(99)=15.99ms max=31.22ms
      { expected_response:true }...: avg=9.7ms   p(50)=9.29ms p(95)=13.66ms p(99)=15.99ms max=31.22ms
    http_req_failed................: 0.00%  0 out of 901
    http_reqs......................: 901    60.004816/s

    EXECUTION
    iteration_duration.............: avg=10.23ms p(50)=9.86ms p(95)=14.25ms p(99)=16.76ms max=31.54ms
    iterations.....................: 901    60.004816/s
    vus............................: 1      min=1        max=2  
    vus_max........................: 200    min=200      max=200

    NETWORK
    data_received..................: 9.6 MB 642 kB/s
    data_sent......................: 69 kB  4.6 kB/s



