

  █ THRESHOLDS 

    http_req_duration
    ✓ 'p(99)<250' p(99)=31.97ms

      {expected_response:true}
      ✓ 'avg<100' avg=8.09ms

    http_req_failed
    ✓ 'rate<0.01' rate=0.00%


  █ TOTAL RESULTS 

    checks_total.......: 4501    299.582231/s
    checks_succeeded...: 100.00% 4501 out of 4501
    checks_failed......: 0.00%   0 out of 4501

    ✓ accepted

    HTTP
    http_req_duration..............: avg=8.09ms p(50)=5.96ms p(95)=20.5ms  p(99)=31.97ms max=110.44ms
      { expected_response:true }...: avg=8.09ms p(50)=5.96ms p(95)=20.5ms  p(99)=31.97ms max=110.44ms
    http_req_failed................: 0.00%  0 out of 4501
    http_reqs......................: 4501   299.582231/s

    EXECUTION
    iteration_duration.............: avg=8.39ms p(50)=6.25ms p(95)=21.23ms p(99)=32.23ms max=110.72ms
    iterations.....................: 4501   299.582231/s
    vus............................: 2      min=1         max=8  
    vus_max........................: 200    min=200       max=200

    NETWORK
    data_received..................: 518 kB 35 kB/s
    data_sent......................: 1.2 MB 82 kB/s



