

  █ THRESHOLDS 

    http_req_duration
    ✓ 'p(99)<250' p(99)=4.53ms

      {expected_response:true}
      ✓ 'avg<100' avg=1.65ms

    http_req_failed
    ✓ 'rate<0.01' rate=0.00%


  █ TOTAL RESULTS 

    checks_total.......: 6001    400.018575/s
    checks_succeeded...: 100.00% 6001 out of 6001
    checks_failed......: 0.00%   0 out of 6001

    ✓ accepted

    HTTP
    http_req_duration..............: avg=1.65ms p(50)=1.52ms p(95)=2.35ms p(99)=4.53ms max=13.71ms
      { expected_response:true }...: avg=1.65ms p(50)=1.52ms p(95)=2.35ms p(99)=4.53ms max=13.71ms
    http_req_failed................: 0.00%  0 out of 6001
    http_reqs......................: 6001   400.018575/s

    EXECUTION
    iteration_duration.............: avg=1.87ms p(50)=1.73ms p(95)=2.64ms p(99)=4.8ms  max=13.95ms
    iterations.....................: 6001   400.018575/s
    vus............................: 1      min=0         max=2  
    vus_max........................: 200    min=200       max=200

    NETWORK
    data_received..................: 510 kB 34 kB/s
    data_sent......................: 480 kB 32 kB/s



