

  █ THRESHOLDS 

    http_req_duration
    ✓ 'p(99)<250' p(99)=28.81ms

      {expected_response:true}
      ✓ 'avg<100' avg=4.07ms

    http_req_failed
    ✓ 'rate<0.01' rate=0.00%


  █ TOTAL RESULTS 

    checks_total.......: 48001   3199.643352/s
    checks_succeeded...: 100.00% 48001 out of 48001
    checks_failed......: 0.00%   0 out of 48001

    ✓ accepted

    HTTP
    http_req_duration..............: avg=4.07ms p(50)=1.53ms p(95)=17.81ms p(99)=28.81ms max=47.68ms
      { expected_response:true }...: avg=4.07ms p(50)=1.53ms p(95)=17.81ms p(99)=28.81ms max=47.68ms
    http_req_failed................: 0.00%  0 out of 48001
    http_reqs......................: 48001  3199.643352/s

    EXECUTION
    iteration_duration.............: avg=4.18ms p(50)=1.64ms p(95)=17.91ms p(99)=28.95ms max=47.81ms
    iterations.....................: 48001  3199.643352/s
    vus............................: 4      min=4          max=56 
    vus_max........................: 200    min=200        max=200

    NETWORK
    data_received..................: 4.1 MB 272 kB/s
    data_sent......................: 3.8 MB 256 kB/s



