

  █ THRESHOLDS 

    http_req_duration
    ✓ 'p(99)<250' p(99)=16.2ms

      {expected_response:true}
      ✓ 'avg<100' avg=5.09ms

    http_req_failed
    ✓ 'rate<0.01' rate=0.00%


  █ TOTAL RESULTS 

    checks_total.......: 3000    199.985571/s
    checks_succeeded...: 100.00% 3000 out of 3000
    checks_failed......: 0.00%   0 out of 3000

    ✓ accepted

    HTTP
    http_req_duration..............: avg=5.09ms p(50)=4.46ms p(95)=8.74ms p(99)=16.2ms  max=40.18ms
      { expected_response:true }...: avg=5.09ms p(50)=4.46ms p(95)=8.74ms p(99)=16.2ms  max=40.18ms
    http_req_failed................: 0.00%  0 out of 3000
    http_reqs......................: 3000   199.985571/s

    EXECUTION
    iteration_duration.............: avg=5.42ms p(50)=4.77ms p(95)=9.07ms p(99)=16.52ms max=40.46ms
    iterations.....................: 3000   199.985571/s
    vus............................: 1      min=0         max=3  
    vus_max........................: 200    min=200       max=200

    NETWORK
    data_received..................: 345 kB 23 kB/s
    data_sent......................: 825 kB 55 kB/s



