

  █ THRESHOLDS 

    http_req_duration
    ✓ 'p(99)<250' p(99)=18.75ms

      {expected_response:true}
      ✓ 'avg<100' avg=5.43ms

    http_req_failed
    ✓ 'rate<0.01' rate=0.00%


  █ TOTAL RESULTS 

    checks_total.......: 1501    99.951904/s
    checks_succeeded...: 100.00% 1501 out of 1501
    checks_failed......: 0.00%   0 out of 1501

    ✓ accepted

    HTTP
    http_req_duration..............: avg=5.43ms p(50)=4.81ms p(95)=8.96ms p(99)=18.75ms max=28.68ms
      { expected_response:true }...: avg=5.43ms p(50)=4.81ms p(95)=8.96ms p(99)=18.75ms max=28.68ms
    http_req_failed................: 0.00%  0 out of 1501
    http_reqs......................: 1501   99.951904/s

    EXECUTION
    iteration_duration.............: avg=5.88ms p(50)=5.2ms  p(95)=9.57ms p(99)=19.05ms max=29.1ms 
    iterations.....................: 1501   99.951904/s
    vus............................: 1      min=1         max=2  
    vus_max........................: 200    min=200       max=200

    NETWORK
    data_received..................: 173 kB 12 kB/s
    data_sent......................: 413 kB 28 kB/s



