

  █ THRESHOLDS 

    http_req_duration
    ✓ 'p(99)<250' p(99)=31.87ms

      {expected_response:true}
      ✓ 'avg<100' avg=8.42ms

    http_req_failed
    ✓ 'rate<0.01' rate=0.00%


  █ TOTAL RESULTS 

    checks_total.......: 6000    399.939269/s
    checks_succeeded...: 100.00% 6000 out of 6000
    checks_failed......: 0.00%   0 out of 6000

    ✓ accepted

    HTTP
    http_req_duration..............: avg=8.42ms p(50)=6.29ms p(95)=21.21ms p(99)=31.87ms max=241.61ms
      { expected_response:true }...: avg=8.42ms p(50)=6.29ms p(95)=21.21ms p(99)=31.87ms max=241.61ms
    http_req_failed................: 0.00%  0 out of 6000
    http_reqs......................: 6000   399.939269/s

    EXECUTION
    iteration_duration.............: avg=8.68ms p(50)=6.53ms p(95)=21.55ms p(99)=32.04ms max=241.92ms
    iterations.....................: 6000   399.939269/s
    vus............................: 2      min=1         max=12 
    vus_max........................: 200    min=200       max=200

    NETWORK
    data_received..................: 690 kB 46 kB/s
    data_sent......................: 1.7 MB 110 kB/s



