

  █ THRESHOLDS 

    http_req_duration
    ✓ 'p(99)<250' p(99)=142.5ms

      {expected_response:true}
      ✓ 'avg<100' avg=32.05ms

    http_req_failed
    ✓ 'rate<0.01' rate=0.00%


  █ TOTAL RESULTS 

    checks_total.......: 6001    399.02324/s
    checks_succeeded...: 100.00% 6001 out of 6001
    checks_failed......: 0.00%   0 out of 6001

    ✓ accepted

    HTTP
    http_req_duration..............: avg=32.05ms p(50)=13.93ms p(95)=103.16ms p(99)=142.5ms  max=167.36ms
      { expected_response:true }...: avg=32.05ms p(50)=13.93ms p(95)=103.16ms p(99)=142.5ms  max=167.36ms
    http_req_failed................: 0.00%  0 out of 6001
    http_reqs......................: 6001   399.02324/s

    EXECUTION
    iteration_duration.............: avg=32.28ms p(50)=14.15ms p(95)=103.32ms p(99)=142.68ms max=167.5ms 
    iterations.....................: 6001   399.02324/s
    vus............................: 15     min=2         max=51 
    vus_max........................: 200    min=200       max=200

    NETWORK
    data_received..................: 67 MB  4.4 MB/s
    data_sent......................: 474 kB 32 kB/s



