

  █ THRESHOLDS 

    http_req_duration
    ✓ 'p(99)<250' p(99)=11.4ms

      {expected_response:true}
      ✓ 'avg<100' avg=7.16ms

    http_req_failed
    ✓ 'rate<0.01' rate=0.00%


  █ TOTAL RESULTS 

    checks_total.......: 601     40.034318/s
    checks_succeeded...: 100.00% 601 out of 601
    checks_failed......: 0.00%   0 out of 601

    ✓ accepted

    HTTP
    http_req_duration..............: avg=7.16ms p(50)=6.8ms  p(95)=10.15ms p(99)=11.4ms max=15.87ms
      { expected_response:true }...: avg=7.16ms p(50)=6.8ms  p(95)=10.15ms p(99)=11.4ms max=15.87ms
    http_req_failed................: 0.00%  0 out of 601
    http_reqs......................: 601    40.034318/s

    EXECUTION
    iteration_duration.............: avg=7.8ms  p(50)=7.46ms p(95)=10.98ms p(99)=12.8ms max=18.69ms
    iterations.....................: 601    40.034318/s
    vus............................: 1      min=1        max=1  
    vus_max........................: 200    min=200      max=200

    NETWORK
    data_received..................: 6.4 MB 428 kB/s
    data_sent......................: 46 kB  3.0 kB/s



