

  █ THRESHOLDS 

    http_req_duration
    ✓ 'p(99)<250' p(99)=20.58ms

      {expected_response:true}
      ✓ 'avg<100' avg=2.21ms

    http_req_failed
    ✓ 'rate<0.01' rate=0.00%


  █ TOTAL RESULTS 

    checks_total.......: 36001   2399.782376/s
    checks_succeeded...: 100.00% 36001 out of 36001
    checks_failed......: 0.00%   0 out of 36001

    ✓ accepted

    HTTP
    http_req_duration..............: avg=2.21ms p(50)=1.19ms p(95)=8.96ms p(99)=20.58ms max=42.99ms
      { expected_response:true }...: avg=2.21ms p(50)=1.19ms p(95)=8.96ms p(99)=20.58ms max=42.99ms
    http_req_failed................: 0.00%  0 out of 36001
    http_reqs......................: 36001  2399.782376/s

    EXECUTION
    iteration_duration.............: avg=2.33ms p(50)=1.31ms p(95)=9.09ms p(99)=20.7ms  max=43.1ms 
    iterations.....................: 36001  2399.782376/s
    vus............................: 3      min=2          max=38 
    vus_max........................: 200    min=200        max=200

    NETWORK
    data_received..................: 3.1 MB 204 kB/s
    data_sent......................: 2.9 MB 192 kB/s



