== ingest   52375 samples
   libc-and-other-native        18400  35.13%
   kernel                       16864  32.20%
   kotlin:kfun                  10796  20.61%
   runtime                       4680   8.94%
   rust                          1292   2.47%
   vdso                           343   0.65%
   --------------------------
   KOTLIN self (the gate)       10796  20.61%
   Kotlin anywhere on stack     18294  34.93%
   unresolved                       0   0.00%   
   stacks of depth 1 (no callers recorded): 22.2%
   reconciles: True

== apievents   66111 samples
   libc-and-other-native        32265  48.80%
   kotlin:kfun                  11418  17.27%
   runtime                      10508  15.89%
   kernel                       10307  15.59%
   rust                          1370   2.07%
   vdso                           243   0.37%
   --------------------------
   KOTLIN self (the gate)       11418  17.27%
   Kotlin anywhere on stack     19147  28.96%
   unresolved                       0   0.00%   
   stacks of depth 1 (no callers recorded): 30.6%
   reconciles: True

== health   25254 samples
   kotlin:kfun                   8935  35.38%
   libc-and-other-native         7144  28.29%
   kernel                        6465  25.60%
   runtime                       2448   9.69%
   vdso                           137   0.54%
   rust                           125   0.49%
   --------------------------
   KOTLIN self (the gate)        8935  35.38%
   Kotlin anywhere on stack     16041  63.52%
   unresolved                       0   0.00%   
   stacks of depth 1 (no callers recorded): 27.1%
   reconciles: True

== journal   103197 samples
   kotlin:kfun                  57327  55.55%
   libc-and-other-native        25795  25.00%
   runtime                      12273  11.89%
   kernel                        7046   6.83%
   rust                           680   0.66%
   vdso                            76   0.07%
   --------------------------
   KOTLIN self (the gate)       57327  55.55%
   Kotlin anywhere on stack     62179  60.25%
   unresolved                       0   0.00%   
   stacks of depth 1 (no callers recorded): 16.6%
   reconciles: True

== journal @ 40 rps (clean)   18628 samples
   libc-and-other-native         9373  50.32%
   runtime                       3609  19.37%
   kotlin:kfun                   2780  14.92%
   kernel                        2422  13.00%
   rust                           365   1.96%
   vdso                            79   0.42%
   --------------------------
   KOTLIN self (the gate)        2780  14.92%
   Kotlin anywhere on stack      4685  25.15%
   unresolved                       0   0.00%   
   stacks of depth 1 (no callers recorded): 34.0%
   reconciles: True
