

  █ THRESHOLDS 

    http_req_duration
    ✓ 'p(99)<250' p(99)=18.31ms

      {expected_response:true}
      ✓ 'avg<100' avg=6.24ms

    http_req_failed
    ✓ 'rate<0.01' rate=0.00%


  █ TOTAL RESULTS 

    checks_total.......: 3000    199.974811/s
    checks_succeeded...: 100.00% 3000 out of 3000
    checks_failed......: 0.00%   0 out of 3000

    ✓ accepted

    HTTP
    http_req_duration..............: avg=6.24ms p(50)=5.44ms p(95)=11.43ms p(99)=18.31ms max=54.48ms
      { expected_response:true }...: avg=6.24ms p(50)=5.44ms p(95)=11.43ms p(99)=18.31ms max=54.48ms
    http_req_failed................: 0.00%  0 out of 3000
    http_reqs......................: 3000   199.974811/s

    EXECUTION
    iteration_duration.............: avg=6.58ms p(50)=5.76ms p(95)=11.71ms p(99)=18.53ms max=54.76ms
    iterations.....................: 3000   199.974811/s
    vus............................: 1      min=1         max=2  
    vus_max........................: 200    min=200       max=200

    NETWORK
    data_received..................: 345 kB 23 kB/s
    data_sent......................: 825 kB 55 kB/s



