

  █ THRESHOLDS 

    http_req_duration
    ✓ 'p(99)<250' p(99)=17.24ms

      {expected_response:true}
      ✓ 'avg<100' avg=5.87ms

    http_req_failed
    ✓ 'rate<0.01' rate=0.00%


  █ TOTAL RESULTS 

    checks_total.......: 1501    100.02452/s
    checks_succeeded...: 100.00% 1501 out of 1501
    checks_failed......: 0.00%   0 out of 1501

    ✓ accepted

    HTTP
    http_req_duration..............: avg=5.87ms p(50)=5.32ms p(95)=8.96ms p(99)=17.24ms max=29.78ms
      { expected_response:true }...: avg=5.87ms p(50)=5.32ms p(95)=8.96ms p(99)=17.24ms max=29.78ms
    http_req_failed................: 0.00%  0 out of 1501
    http_reqs......................: 1501   100.02452/s

    EXECUTION
    iteration_duration.............: avg=6.33ms p(50)=5.78ms p(95)=9.55ms p(99)=17.87ms max=30.07ms
    iterations.....................: 1501   100.02452/s
    vus............................: 1      min=1         max=2  
    vus_max........................: 200    min=200       max=200

    NETWORK
    data_received..................: 173 kB 12 kB/s
    data_sent......................: 413 kB 28 kB/s



