time="2026-09-20T09:58:23Z" level=warning msg="Insufficient VUs, reached 200 active VUs and cannot initialize more" executor=constant-arrival-rate scenario=ingest


  █ THRESHOLDS 

    http_req_duration
    ✗ 'p(99)<250' p(99)=886.52ms

      {expected_response:true}
      ✓ 'avg<100' avg=0s

    http_req_failed
    ✗ 'rate<0.01' rate=100.00%


  █ TOTAL RESULTS 

    checks_total.......: 5493    358.712057/s
    checks_succeeded...: 0.00%   0 out of 5493
    checks_failed......: 100.00% 5493 out of 5493

    ✗ accepted
      ↳  0% — ✓ 0 / ✗ 5493

    HTTP
    http_req_duration..............: avg=535.94ms p(50)=522.72ms p(95)=787.08ms p(99)=886.52ms max=1.28s
      { expected_response:true }...: avg=0s       p(50)=0s       p(95)=0s       p(99)=0s       max=0s   
    http_req_failed................: 100.00% 5493 out of 5493
    http_reqs......................: 5493    358.712057/s

    EXECUTION
    dropped_iterations.............: 18507   1208.571643/s
    iteration_duration.............: avg=543.54ms p(50)=523.55ms p(95)=801.88ms p(99)=927.48ms max=1.86s
    iterations.....................: 5493    358.712057/s
    vus............................: 200     min=170          max=200
    vus_max........................: 200     min=200          max=200

    NETWORK
    data_received..................: 297 kB  19 kB/s
    data_sent......................: 1.5 MB  98 kB/s



time="2026-09-20T09:58:39Z" level=error msg="thresholds on metrics 'http_req_duration, http_req_failed' have been crossed"
