

  █ THRESHOLDS 

    http_req_duration
    ✓ 'p(99)<250' p(99)=18.65ms

      {expected_response:true}
      ✓ 'avg<100' avg=6.23ms

    http_req_failed
    ✓ 'rate<0.01' rate=0.00%


  █ TOTAL RESULTS 

    checks_total.......: 6001    199.985385/s
    checks_succeeded...: 100.00% 6001 out of 6001
    checks_failed......: 0.00%   0 out of 6001

    ✓ accepted

    HTTP
    http_req_duration..............: avg=6.23ms p(50)=5.47ms p(95)=10.72ms p(99)=18.65ms max=42.35ms
      { expected_response:true }...: avg=6.23ms p(50)=5.47ms p(95)=10.72ms p(99)=18.65ms max=42.35ms
    http_req_failed................: 0.00%  0 out of 6001
    http_reqs......................: 6001   199.985385/s

    EXECUTION
    iteration_duration.............: avg=6.53ms p(50)=5.77ms p(95)=11.06ms p(99)=18.92ms max=42.61ms
    iterations.....................: 6001   199.985385/s
    vus............................: 1      min=1         max=4  
    vus_max........................: 200    min=200       max=200

    NETWORK
    data_received..................: 690 kB 23 kB/s
    data_sent......................: 1.7 MB 55 kB/s



