

  █ THRESHOLDS 

    http_req_duration
    ✓ 'p(99)<250' p(99)=33.94ms

      {expected_response:true}
      ✓ 'avg<100' avg=9.38ms

    http_req_failed
    ✓ 'rate<0.01' rate=0.00%


  █ TOTAL RESULTS 

    checks_total.......: 6001    199.986229/s
    checks_succeeded...: 100.00% 6001 out of 6001
    checks_failed......: 0.00%   0 out of 6001

    ✓ accepted

    HTTP
    http_req_duration..............: avg=9.38ms p(50)=7.78ms p(95)=21.09ms p(99)=33.94ms max=75.69ms
      { expected_response:true }...: avg=9.38ms p(50)=7.78ms p(95)=21.09ms p(99)=33.94ms max=75.69ms
    http_req_failed................: 0.00%  0 out of 6001
    http_reqs......................: 6001   199.986229/s

    EXECUTION
    iteration_duration.............: avg=9.69ms p(50)=8.08ms p(95)=21.34ms p(99)=34.3ms  max=75.95ms
    iterations.....................: 6001   199.986229/s
    vus............................: 2      min=1         max=5  
    vus_max........................: 200    min=200       max=200

    NETWORK
    data_received..................: 690 kB 23 kB/s
    data_sent......................: 1.7 MB 55 kB/s



