

  █ THRESHOLDS 

    http_req_duration
    ✓ 'p(99)<250' p(99)=29.75ms

      {expected_response:true}
      ✓ 'avg<100' avg=8.15ms

    http_req_failed
    ✓ 'rate<0.01' rate=0.00%


  █ TOTAL RESULTS 

    checks_total.......: 6001    200.004608/s
    checks_succeeded...: 100.00% 6001 out of 6001
    checks_failed......: 0.00%   0 out of 6001

    ✓ accepted

    HTTP
    http_req_duration..............: avg=8.15ms p(50)=6.25ms p(95)=18.37ms p(99)=29.75ms max=74.77ms
      { expected_response:true }...: avg=8.15ms p(50)=6.25ms p(95)=18.37ms p(99)=29.75ms max=74.77ms
    http_req_failed................: 0.00%  0 out of 6001
    http_reqs......................: 6001   200.004608/s

    EXECUTION
    iteration_duration.............: avg=8.46ms p(50)=6.55ms p(95)=18.69ms p(99)=30.05ms max=75.11ms
    iterations.....................: 6001   200.004608/s
    vus............................: 1      min=0         max=5  
    vus_max........................: 200    min=200       max=200

    NETWORK
    data_received..................: 690 kB 23 kB/s
    data_sent......................: 1.7 MB 55 kB/s



