

  █ THRESHOLDS 

    http_req_duration
    ✓ 'p(99)<250' p(99)=16.92ms

      {expected_response:true}
      ✓ 'avg<100' avg=5.93ms

    http_req_failed
    ✓ 'rate<0.01' rate=0.00%


  █ TOTAL RESULTS 

    checks_total.......: 6001    199.985071/s
    checks_succeeded...: 100.00% 6001 out of 6001
    checks_failed......: 0.00%   0 out of 6001

    ✓ accepted

    HTTP
    http_req_duration..............: avg=5.93ms p(50)=5.23ms p(95)=10.5ms  p(99)=16.92ms max=34.77ms
      { expected_response:true }...: avg=5.93ms p(50)=5.23ms p(95)=10.5ms  p(99)=16.92ms max=34.77ms
    http_req_failed................: 0.00%  0 out of 6001
    http_reqs......................: 6001   199.985071/s

    EXECUTION
    iteration_duration.............: avg=6.24ms p(50)=5.53ms p(95)=10.77ms p(99)=17.23ms max=35.11ms
    iterations.....................: 6001   199.985071/s
    vus............................: 1      min=0         max=2  
    vus_max........................: 200    min=200       max=200

    NETWORK
    data_received..................: 690 kB 23 kB/s
    data_sent......................: 1.7 MB 55 kB/s



