

  █ THRESHOLDS 

    http_req_duration
    ✓ 'p(99)<250' p(99)=21.49ms

      {expected_response:true}
      ✓ 'avg<100' avg=6.28ms

    http_req_failed
    ✓ 'rate<0.01' rate=0.00%


  █ TOTAL RESULTS 

    checks_total.......: 5400    179.973271/s
    checks_succeeded...: 100.00% 5400 out of 5400
    checks_failed......: 0.00%   0 out of 5400

    ✓ accepted

    HTTP
    http_req_duration..............: avg=6.28ms p(50)=5.52ms p(95)=11.19ms p(99)=21.49ms max=46.5ms 
      { expected_response:true }...: avg=6.28ms p(50)=5.52ms p(95)=11.19ms p(99)=21.49ms max=46.5ms 
    http_req_failed................: 0.00%  0 out of 5400
    http_reqs......................: 5400   179.973271/s

    EXECUTION
    iteration_duration.............: avg=6.6ms  p(50)=5.82ms p(95)=11.61ms p(99)=21.71ms max=46.74ms
    iterations.....................: 5400   179.973271/s
    vus............................: 1      min=0         max=3  
    vus_max........................: 200    min=200       max=200

    NETWORK
    data_received..................: 621 kB 21 kB/s
    data_sent......................: 1.5 MB 50 kB/s



