

  █ THRESHOLDS 

    http_req_duration
    ✓ 'p(99)<250' p(99)=177.34ms

      {expected_response:true}
      ✓ 'avg<100' avg=9.81ms

    http_req_failed
    ✓ 'rate<0.01' rate=0.00%


  █ TOTAL RESULTS 

    checks_total.......: 6001    199.99661/s
    checks_succeeded...: 100.00% 6001 out of 6001
    checks_failed......: 0.00%   0 out of 6001

    ✓ accepted

    HTTP
    http_req_duration..............: avg=9.81ms  p(50)=4.58ms p(95)=19.61ms p(99)=177.34ms max=257.83ms
      { expected_response:true }...: avg=9.81ms  p(50)=4.58ms p(95)=19.61ms p(99)=177.34ms max=257.83ms
    http_req_failed................: 0.00%  0 out of 6001
    http_reqs......................: 6001   199.99661/s

    EXECUTION
    iteration_duration.............: avg=10.11ms p(50)=4.87ms p(95)=19.87ms p(99)=177.61ms max=258.04ms
    iterations.....................: 6001   199.99661/s
    vus............................: 0      min=0         max=7  
    vus_max........................: 200    min=200       max=200

    NETWORK
    data_received..................: 690 kB 23 kB/s
    data_sent......................: 1.7 MB 55 kB/s



