

  █ THRESHOLDS 

    http_req_duration
    ✓ 'p(99)<250' p(99)=21.12ms

      {expected_response:true}
      ✓ 'avg<100' avg=5.95ms

    http_req_failed
    ✓ 'rate<0.01' rate=0.00%


  █ TOTAL RESULTS 

    checks_total.......: 6001    199.987948/s
    checks_succeeded...: 100.00% 6001 out of 6001
    checks_failed......: 0.00%   0 out of 6001

    ✓ accepted

    HTTP
    http_req_duration..............: avg=5.95ms p(50)=5.08ms p(95)=10.9ms  p(99)=21.12ms max=55.13ms
      { expected_response:true }...: avg=5.95ms p(50)=5.08ms p(95)=10.9ms  p(99)=21.12ms max=55.13ms
    http_req_failed................: 0.00%  0 out of 6001
    http_reqs......................: 6001   199.987948/s

    EXECUTION
    iteration_duration.............: avg=6.25ms p(50)=5.37ms p(95)=11.38ms p(99)=21.44ms max=55.55ms
    iterations.....................: 6001   199.987948/s
    vus............................: 2      min=1         max=3  
    vus_max........................: 200    min=200       max=200

    NETWORK
    data_received..................: 690 kB 23 kB/s
    data_sent......................: 1.7 MB 55 kB/s



