

  █ THRESHOLDS 

    http_req_duration
    ✓ 'p(99)<250' p(99)=17.24ms

      {expected_response:true}
      ✓ 'avg<100' avg=5.6ms

    http_req_failed
    ✓ 'rate<0.01' rate=0.00%


  █ TOTAL RESULTS 

    checks_total.......: 5401    180.001506/s
    checks_succeeded...: 100.00% 5401 out of 5401
    checks_failed......: 0.00%   0 out of 5401

    ✓ accepted

    HTTP
    http_req_duration..............: avg=5.6ms  p(50)=4.99ms p(95)=9.67ms  p(99)=17.24ms max=35.37ms
      { expected_response:true }...: avg=5.6ms  p(50)=4.99ms p(95)=9.67ms  p(99)=17.24ms max=35.37ms
    http_req_failed................: 0.00%  0 out of 5401
    http_reqs......................: 5401   180.001506/s

    EXECUTION
    iteration_duration.............: avg=5.91ms p(50)=5.3ms  p(95)=10.07ms p(99)=17.71ms max=35.71ms
    iterations.....................: 5401   180.001506/s
    vus............................: 1      min=1         max=3  
    vus_max........................: 200    min=200       max=200

    NETWORK
    data_received..................: 621 kB 21 kB/s
    data_sent......................: 1.5 MB 50 kB/s



