

  █ THRESHOLDS 

    http_req_duration
    ✓ 'p(99)<250' p(99)=17.32ms

      {expected_response:true}
      ✓ 'avg<100' avg=5.35ms

    http_req_failed
    ✓ 'rate<0.01' rate=0.00%


  █ TOTAL RESULTS 

    checks_total.......: 5401    179.99456/s
    checks_succeeded...: 100.00% 5401 out of 5401
    checks_failed......: 0.00%   0 out of 5401

    ✓ accepted

    HTTP
    http_req_duration..............: avg=5.35ms p(50)=4.76ms p(95)=9.4ms  p(99)=17.32ms max=26.67ms
      { expected_response:true }...: avg=5.35ms p(50)=4.76ms p(95)=9.4ms  p(99)=17.32ms max=26.67ms
    http_req_failed................: 0.00%  0 out of 5401
    http_reqs......................: 5401   179.99456/s

    EXECUTION
    iteration_duration.............: avg=5.67ms p(50)=5.09ms p(95)=9.71ms p(99)=17.59ms max=31.87ms
    iterations.....................: 5401   179.99456/s
    vus............................: 1      min=0         max=2  
    vus_max........................: 200    min=200       max=200

    NETWORK
    data_received..................: 621 kB 21 kB/s
    data_sent......................: 1.5 MB 50 kB/s



