

  █ THRESHOLDS 

    http_req_duration
    ✓ 'p(99)<250' p(99)=22.54ms

      {expected_response:true}
      ✓ 'avg<100' avg=6.86ms

    http_req_failed
    ✓ 'rate<0.01' rate=0.00%


  █ TOTAL RESULTS 

    checks_total.......: 6001    199.999946/s
    checks_succeeded...: 100.00% 6001 out of 6001
    checks_failed......: 0.00%   0 out of 6001

    ✓ accepted

    HTTP
    http_req_duration..............: avg=6.86ms p(50)=5.93ms p(95)=12.65ms p(99)=22.54ms max=40.41ms
      { expected_response:true }...: avg=6.86ms p(50)=5.93ms p(95)=12.65ms p(99)=22.54ms max=40.41ms
    http_req_failed................: 0.00%  0 out of 6001
    http_reqs......................: 6001   199.999946/s

    EXECUTION
    iteration_duration.............: avg=7.17ms p(50)=6.23ms p(95)=12.99ms p(99)=22.84ms max=40.62ms
    iterations.....................: 6001   199.999946/s
    vus............................: 1      min=1         max=2  
    vus_max........................: 200    min=200       max=200

    NETWORK
    data_received..................: 690 kB 23 kB/s
    data_sent......................: 1.7 MB 55 kB/s



