

  █ THRESHOLDS 

    http_req_duration
    ✓ 'p(99)<250' p(99)=25.91ms

      {expected_response:true}
      ✓ 'avg<100' avg=6.45ms

    http_req_failed
    ✓ 'rate<0.01' rate=0.00%


  █ TOTAL RESULTS 

    checks_total.......: 5400    179.958217/s
    checks_succeeded...: 100.00% 5400 out of 5400
    checks_failed......: 0.00%   0 out of 5400

    ✓ accepted

    HTTP
    http_req_duration..............: avg=6.45ms p(50)=5.31ms p(95)=13.59ms p(99)=25.91ms max=64.15ms
      { expected_response:true }...: avg=6.45ms p(50)=5.31ms p(95)=13.59ms p(99)=25.91ms max=64.15ms
    http_req_failed................: 0.00%  0 out of 5400
    http_reqs......................: 5400   179.958217/s

    EXECUTION
    iteration_duration.............: avg=6.77ms p(50)=5.62ms p(95)=13.9ms  p(99)=26.16ms max=64.61ms
    iterations.....................: 5400   179.958217/s
    vus............................: 1      min=0         max=4  
    vus_max........................: 200    min=200       max=200

    NETWORK
    data_received..................: 621 kB 21 kB/s
    data_sent......................: 1.5 MB 50 kB/s



