

  █ THRESHOLDS 

    http_req_duration
    ✓ 'p(99)<250' p(99)=118.77ms

      {expected_response:true}
      ✓ 'avg<100' avg=16.78ms

    http_req_failed
    ✓ 'rate<0.01' rate=0.00%


  █ TOTAL RESULTS 

    checks_total.......: 5401    179.978012/s
    checks_succeeded...: 100.00% 5401 out of 5401
    checks_failed......: 0.00%   0 out of 5401

    ✓ accepted

    HTTP
    http_req_duration..............: avg=16.78ms p(50)=7.61ms p(95)=66.06ms p(99)=118.77ms max=946.74ms
      { expected_response:true }...: avg=16.78ms p(50)=7.61ms p(95)=66.06ms p(99)=118.77ms max=946.74ms
    http_req_failed................: 0.00%  0 out of 5401
    http_reqs......................: 5401   179.978012/s

    EXECUTION
    iteration_duration.............: avg=17.1ms  p(50)=7.93ms p(95)=66.49ms p(99)=119.05ms max=947.05ms
    iterations.....................: 5401   179.978012/s
    vus............................: 1      min=1         max=18 
    vus_max........................: 200    min=200       max=200

    NETWORK
    data_received..................: 621 kB 21 kB/s
    data_sent......................: 1.5 MB 50 kB/s



