

  █ THRESHOLDS 

    http_req_duration
    ✓ 'p(99)<250' p(99)=235.27ms

      {expected_response:true}
      ✓ 'avg<100' avg=11.5ms

    http_req_failed
    ✓ 'rate<0.01' rate=0.00%


  █ TOTAL RESULTS 

    checks_total.......: 6001    199.991534/s
    checks_succeeded...: 100.00% 6001 out of 6001
    checks_failed......: 0.00%   0 out of 6001

    ✓ accepted

    HTTP
    http_req_duration..............: avg=11.5ms p(50)=5.05ms p(95)=21.68ms p(99)=235.27ms max=310.81ms
      { expected_response:true }...: avg=11.5ms p(50)=5.05ms p(95)=21.68ms p(99)=235.27ms max=310.81ms
    http_req_failed................: 0.00%  0 out of 6001
    http_reqs......................: 6001   199.991534/s

    EXECUTION
    iteration_duration.............: avg=11.8ms p(50)=5.36ms p(95)=22.07ms p(99)=235.48ms max=311.04ms
    iterations.....................: 6001   199.991534/s
    vus............................: 1      min=1         max=17 
    vus_max........................: 200    min=200       max=200

    NETWORK
    data_received..................: 690 kB 23 kB/s
    data_sent......................: 1.7 MB 55 kB/s



