

  █ THRESHOLDS 

    http_req_duration
    ✓ 'p(99)<250' p(99)=222.19ms

      {expected_response:true}
      ✓ 'avg<100' avg=27.09ms

    http_req_failed
    ✓ 'rate<0.01' rate=0.00%


  █ TOTAL RESULTS 

    checks_total.......: 5401    179.980627/s
    checks_succeeded...: 100.00% 5401 out of 5401
    checks_failed......: 0.00%   0 out of 5401

    ✓ accepted

    HTTP
    http_req_duration..............: avg=27.09ms p(50)=8.4ms  p(95)=134.27ms p(99)=222.19ms max=543.9ms 
      { expected_response:true }...: avg=27.09ms p(50)=8.4ms  p(95)=134.27ms p(99)=222.19ms max=543.9ms 
    http_req_failed................: 0.00%  0 out of 5401
    http_reqs......................: 5401   179.980627/s

    EXECUTION
    iteration_duration.............: avg=27.41ms p(50)=8.78ms p(95)=134.47ms p(99)=222.42ms max=544.15ms
    iterations.....................: 5401   179.980627/s
    vus............................: 1      min=1         max=28 
    vus_max........................: 200    min=200       max=200

    NETWORK
    data_received..................: 621 kB 21 kB/s
    data_sent......................: 1.5 MB 50 kB/s



