

  █ THRESHOLDS 

    http_req_duration
    ✓ 'p(99)<250' p(99)=34.69ms

      {expected_response:true}
      ✓ 'avg<100' avg=6.93ms

    http_req_failed
    ✓ 'rate<0.01' rate=0.00%


  █ TOTAL RESULTS 

    checks_total.......: 5401    179.991184/s
    checks_succeeded...: 100.00% 5401 out of 5401
    checks_failed......: 0.00%   0 out of 5401

    ✓ accepted

    HTTP
    http_req_duration..............: avg=6.93ms p(50)=5.34ms p(95)=15.49ms p(99)=34.69ms max=78.24ms
      { expected_response:true }...: avg=6.93ms p(50)=5.34ms p(95)=15.49ms p(99)=34.69ms max=78.24ms
    http_req_failed................: 0.00%  0 out of 5401
    http_reqs......................: 5401   179.991184/s

    EXECUTION
    iteration_duration.............: avg=7.25ms p(50)=5.65ms p(95)=15.76ms p(99)=34.97ms max=78.46ms
    iterations.....................: 5401   179.991184/s
    vus............................: 1      min=1         max=2  
    vus_max........................: 200    min=200       max=200

    NETWORK
    data_received..................: 621 kB 21 kB/s
    data_sent......................: 1.5 MB 50 kB/s



