

  █ THRESHOLDS 

    http_req_duration
    ✓ 'p(99)<250' p(99)=36.07ms

      {expected_response:true}
      ✓ 'avg<100' avg=6.58ms

    http_req_failed
    ✓ 'rate<0.01' rate=0.00%


  █ TOTAL RESULTS 

    checks_total.......: 5400    179.990722/s
    checks_succeeded...: 100.00% 5400 out of 5400
    checks_failed......: 0.00%   0 out of 5400

    ✓ accepted

    HTTP
    http_req_duration..............: avg=6.58ms p(50)=4.87ms p(95)=16.18ms p(99)=36.07ms max=67.61ms
      { expected_response:true }...: avg=6.58ms p(50)=4.87ms p(95)=16.18ms p(99)=36.07ms max=67.61ms
    http_req_failed................: 0.00%  0 out of 5400
    http_reqs......................: 5400   179.990722/s

    EXECUTION
    iteration_duration.............: avg=6.89ms p(50)=5.19ms p(95)=16.55ms p(99)=36.33ms max=67.87ms
    iterations.....................: 5400   179.990722/s
    vus............................: 1      min=1         max=11 
    vus_max........................: 200    min=200       max=200

    NETWORK
    data_received..................: 621 kB 21 kB/s
    data_sent......................: 1.5 MB 50 kB/s



