

  █ THRESHOLDS 

    http_req_duration
    ✓ 'p(99)<250' p(99)=19ms

      {expected_response:true}
      ✓ 'avg<100' avg=5.72ms

    http_req_failed
    ✓ 'rate<0.01' rate=0.00%


  █ TOTAL RESULTS 

    checks_total.......: 6001    199.966865/s
    checks_succeeded...: 100.00% 6001 out of 6001
    checks_failed......: 0.00%   0 out of 6001

    ✓ accepted

    HTTP
    http_req_duration..............: avg=5.72ms p(50)=4.94ms p(95)=10.55ms p(99)=19ms    max=43.28ms
      { expected_response:true }...: avg=5.72ms p(50)=4.94ms p(95)=10.55ms p(99)=19ms    max=43.28ms
    http_req_failed................: 0.00%  0 out of 6001
    http_reqs......................: 6001   199.966865/s

    EXECUTION
    iteration_duration.............: avg=6.02ms p(50)=5.24ms p(95)=10.87ms p(99)=19.28ms max=43.59ms
    iterations.....................: 6001   199.966865/s
    vus............................: 4      min=0         max=4  
    vus_max........................: 200    min=200       max=200

    NETWORK
    data_received..................: 690 kB 23 kB/s
    data_sent......................: 1.7 MB 55 kB/s



