

  █ THRESHOLDS 

    http_req_duration
    ✓ 'p(99)<250' p(99)=44.61ms

      {expected_response:true}
      ✓ 'avg<100' avg=10.72ms

    http_req_failed
    ✓ 'rate<0.01' rate=0.00%


  █ TOTAL RESULTS 

    checks_total.......: 6001    199.985476/s
    checks_succeeded...: 100.00% 6001 out of 6001
    checks_failed......: 0.00%   0 out of 6001

    ✓ accepted

    HTTP
    http_req_duration..............: avg=10.72ms p(50)=7.24ms p(95)=28.42ms p(99)=44.61ms max=223.54ms
      { expected_response:true }...: avg=10.72ms p(50)=7.24ms p(95)=28.42ms p(99)=44.61ms max=223.54ms
    http_req_failed................: 0.00%  0 out of 6001
    http_reqs......................: 6001   199.985476/s

    EXECUTION
    iteration_duration.............: avg=11.03ms p(50)=7.53ms p(95)=28.79ms p(99)=44.94ms max=223.76ms
    iterations.....................: 6001   199.985476/s
    vus............................: 2      min=1         max=7  
    vus_max........................: 200    min=200       max=200

    NETWORK
    data_received..................: 690 kB 23 kB/s
    data_sent......................: 1.7 MB 55 kB/s



