

  █ THRESHOLDS 

    http_req_duration
    ✓ 'p(99)<250' p(99)=20.93ms

      {expected_response:true}
      ✓ 'avg<100' avg=6.13ms

    http_req_failed
    ✓ 'rate<0.01' rate=0.00%


  █ TOTAL RESULTS 

    checks_total.......: 6000    199.994106/s
    checks_succeeded...: 100.00% 6000 out of 6000
    checks_failed......: 0.00%   0 out of 6000

    ✓ accepted

    HTTP
    http_req_duration..............: avg=6.13ms p(50)=5.26ms p(95)=11.58ms p(99)=20.93ms max=35.29ms
      { expected_response:true }...: avg=6.13ms p(50)=5.26ms p(95)=11.58ms p(99)=20.93ms max=35.29ms
    http_req_failed................: 0.00%  0 out of 6000
    http_reqs......................: 6000   199.994106/s

    EXECUTION
    iteration_duration.............: avg=6.44ms p(50)=5.56ms p(95)=12.06ms p(99)=21.34ms max=35.5ms 
    iterations.....................: 6000   199.994106/s
    vus............................: 1      min=1         max=3  
    vus_max........................: 200    min=200       max=200

    NETWORK
    data_received..................: 690 kB 23 kB/s
    data_sent......................: 1.7 MB 55 kB/s



