

  █ THRESHOLDS 

    http_req_duration
    ✓ 'p(99)<250' p(99)=20.63ms

      {expected_response:true}
      ✓ 'avg<100' avg=6.21ms

    http_req_failed
    ✓ 'rate<0.01' rate=0.00%


  █ TOTAL RESULTS 

    checks_total.......: 6001    199.989322/s
    checks_succeeded...: 100.00% 6001 out of 6001
    checks_failed......: 0.00%   0 out of 6001

    ✓ accepted

    HTTP
    http_req_duration..............: avg=6.21ms p(50)=5.34ms p(95)=11.59ms p(99)=20.63ms max=41.8ms 
      { expected_response:true }...: avg=6.21ms p(50)=5.34ms p(95)=11.59ms p(99)=20.63ms max=41.8ms 
    http_req_failed................: 0.00%  0 out of 6001
    http_reqs......................: 6001   199.989322/s

    EXECUTION
    iteration_duration.............: avg=6.52ms p(50)=5.65ms p(95)=11.98ms p(99)=20.9ms  max=42.11ms
    iterations.....................: 6001   199.989322/s
    vus............................: 1      min=0         max=4  
    vus_max........................: 200    min=200       max=200

    NETWORK
    data_received..................: 690 kB 23 kB/s
    data_sent......................: 1.7 MB 55 kB/s



