

  █ THRESHOLDS 

    http_req_duration
    ✓ 'p(99)<250' p(99)=44.17ms

      {expected_response:true}
      ✓ 'avg<100' avg=10.39ms

    http_req_failed
    ✓ 'rate<0.01' rate=0.00%


  █ TOTAL RESULTS 

    checks_total.......: 6001    199.985976/s
    checks_succeeded...: 100.00% 6001 out of 6001
    checks_failed......: 0.00%   0 out of 6001

    ✓ accepted

    HTTP
    http_req_duration..............: avg=10.39ms p(50)=7.21ms p(95)=26.48ms p(99)=44.17ms max=367.13ms
      { expected_response:true }...: avg=10.39ms p(50)=7.21ms p(95)=26.48ms p(99)=44.17ms max=367.13ms
    http_req_failed................: 0.00%  0 out of 6001
    http_reqs......................: 6001   199.985976/s

    EXECUTION
    iteration_duration.............: avg=10.7ms  p(50)=7.5ms  p(95)=26.88ms p(99)=44.81ms max=367.41ms
    iterations.....................: 6001   199.985976/s
    vus............................: 1      min=1         max=7  
    vus_max........................: 200    min=200       max=200

    NETWORK
    data_received..................: 690 kB 23 kB/s
    data_sent......................: 1.7 MB 55 kB/s



