

  █ THRESHOLDS 

    http_req_duration
    ✓ 'p(99)<250' p(99)=65.53ms

      {expected_response:true}
      ✓ 'avg<100' avg=11.42ms

    http_req_failed
    ✓ 'rate<0.01' rate=0.00%


  █ TOTAL RESULTS 

    checks_total.......: 6001    199.985999/s
    checks_succeeded...: 100.00% 6001 out of 6001
    checks_failed......: 0.00%   0 out of 6001

    ✓ accepted

    HTTP
    http_req_duration..............: avg=11.42ms p(50)=7.56ms p(95)=29.58ms p(99)=65.53ms max=250.88ms
      { expected_response:true }...: avg=11.42ms p(50)=7.56ms p(95)=29.58ms p(99)=65.53ms max=250.88ms
    http_req_failed................: 0.00%  0 out of 6001
    http_reqs......................: 6001   199.985999/s

    EXECUTION
    iteration_duration.............: avg=11.72ms p(50)=7.87ms p(95)=29.86ms p(99)=65.8ms  max=251.18ms
    iterations.....................: 6001   199.985999/s
    vus............................: 2      min=1         max=9  
    vus_max........................: 200    min=200       max=200

    NETWORK
    data_received..................: 690 kB 23 kB/s
    data_sent......................: 1.7 MB 55 kB/s



