

  █ THRESHOLDS 

    http_req_duration
    ✓ 'p(99)<250' p(99)=17.79ms

      {expected_response:true}
      ✓ 'avg<100' avg=5.63ms

    http_req_failed
    ✓ 'rate<0.01' rate=0.00%


  █ TOTAL RESULTS 

    checks_total.......: 6001    199.873904/s
    checks_succeeded...: 100.00% 6001 out of 6001
    checks_failed......: 0.00%   0 out of 6001

    ✓ accepted

    HTTP
    http_req_duration..............: avg=5.63ms p(50)=4.91ms p(95)=10.18ms p(99)=17.79ms max=36.12ms
      { expected_response:true }...: avg=5.63ms p(50)=4.91ms p(95)=10.18ms p(99)=17.79ms max=36.12ms
    http_req_failed................: 0.00%  0 out of 6001
    http_reqs......................: 6001   199.873904/s

    EXECUTION
    iteration_duration.............: avg=5.94ms p(50)=5.21ms p(95)=10.51ms p(99)=18.21ms max=36.33ms
    iterations.....................: 6001   199.873904/s
    vus............................: 1      min=1         max=2  
    vus_max........................: 200    min=200       max=200

    NETWORK
    data_received..................: 690 kB 23 kB/s
    data_sent......................: 1.7 MB 55 kB/s



