

  █ THRESHOLDS 

    http_req_duration
    ✓ 'p(99)<250' p(99)=23.08ms

      {expected_response:true}
      ✓ 'avg<100' avg=6.17ms

    http_req_failed
    ✓ 'rate<0.01' rate=0.00%


  █ TOTAL RESULTS 

    checks_total.......: 6001    199.995338/s
    checks_succeeded...: 100.00% 6001 out of 6001
    checks_failed......: 0.00%   0 out of 6001

    ✓ accepted

    HTTP
    http_req_duration..............: avg=6.17ms p(50)=5.17ms p(95)=11.92ms p(99)=23.08ms max=54.68ms
      { expected_response:true }...: avg=6.17ms p(50)=5.17ms p(95)=11.92ms p(99)=23.08ms max=54.68ms
    http_req_failed................: 0.00%  0 out of 6001
    http_reqs......................: 6001   199.995338/s

    EXECUTION
    iteration_duration.............: avg=6.47ms p(50)=5.47ms p(95)=12.21ms p(99)=23.39ms max=54.94ms
    iterations.....................: 6001   199.995338/s
    vus............................: 2      min=1         max=6  
    vus_max........................: 200    min=200       max=200

    NETWORK
    data_received..................: 690 kB 23 kB/s
    data_sent......................: 1.7 MB 55 kB/s



