

  █ THRESHOLDS 

    http_req_duration
    ✓ 'p(99)<250' p(99)=66.74ms

      {expected_response:true}
      ✓ 'avg<100' avg=10.93ms

    http_req_failed
    ✓ 'rate<0.01' rate=0.00%


  █ TOTAL RESULTS 

    checks_total.......: 6001    199.980188/s
    checks_succeeded...: 100.00% 6001 out of 6001
    checks_failed......: 0.00%   0 out of 6001

    ✓ accepted

    HTTP
    http_req_duration..............: avg=10.93ms p(50)=7.16ms p(95)=29.14ms p(99)=66.74ms max=267.45ms
      { expected_response:true }...: avg=10.93ms p(50)=7.16ms p(95)=29.14ms p(99)=66.74ms max=267.45ms
    http_req_failed................: 0.00%  0 out of 6001
    http_reqs......................: 6001   199.980188/s

    EXECUTION
    iteration_duration.............: avg=11.23ms p(50)=7.43ms p(95)=29.47ms p(99)=67.92ms max=267.69ms
    iterations.....................: 6001   199.980188/s
    vus............................: 3      min=1         max=4  
    vus_max........................: 200    min=200       max=200

    NETWORK
    data_received..................: 690 kB 23 kB/s
    data_sent......................: 1.7 MB 55 kB/s



