

  █ THRESHOLDS 

    http_req_duration
    ✓ 'p(99)<250' p(99)=23.55ms

      {expected_response:true}
      ✓ 'avg<100' avg=6.18ms

    http_req_failed
    ✓ 'rate<0.01' rate=0.00%


  █ TOTAL RESULTS 

    checks_total.......: 6000    199.965098/s
    checks_succeeded...: 100.00% 6000 out of 6000
    checks_failed......: 0.00%   0 out of 6000

    ✓ accepted

    HTTP
    http_req_duration..............: avg=6.18ms p(50)=5.24ms p(95)=11.75ms p(99)=23.55ms max=49.07ms
      { expected_response:true }...: avg=6.18ms p(50)=5.24ms p(95)=11.75ms p(99)=23.55ms max=49.07ms
    http_req_failed................: 0.00%  0 out of 6000
    http_reqs......................: 6000   199.965098/s

    EXECUTION
    iteration_duration.............: avg=6.49ms p(50)=5.54ms p(95)=12.02ms p(99)=23.78ms max=49.45ms
    iterations.....................: 6000   199.965098/s
    vus............................: 2      min=0         max=3  
    vus_max........................: 200    min=200       max=200

    NETWORK
    data_received..................: 690 kB 23 kB/s
    data_sent......................: 1.7 MB 55 kB/s



