

  █ THRESHOLDS 

    http_req_duration
    ✓ 'p(99)<250' p(99)=17.39ms

      {expected_response:true}
      ✓ 'avg<100' avg=5.17ms

    http_req_failed
    ✓ 'rate<0.01' rate=0.00%


  █ TOTAL RESULTS 

    checks_total.......: 6001    199.987965/s
    checks_succeeded...: 100.00% 6001 out of 6001
    checks_failed......: 0.00%   0 out of 6001

    ✓ accepted

    HTTP
    http_req_duration..............: avg=5.17ms p(50)=4.45ms p(95)=9.62ms p(99)=17.39ms max=39.12ms
      { expected_response:true }...: avg=5.17ms p(50)=4.45ms p(95)=9.62ms p(99)=17.39ms max=39.12ms
    http_req_failed................: 0.00%  0 out of 6001
    http_reqs......................: 6001   199.987965/s

    EXECUTION
    iteration_duration.............: avg=5.47ms p(50)=4.73ms p(95)=9.93ms p(99)=17.65ms max=40.82ms
    iterations.....................: 6001   199.987965/s
    vus............................: 1      min=1         max=2  
    vus_max........................: 200    min=200       max=200

    NETWORK
    data_received..................: 690 kB 23 kB/s
    data_sent......................: 1.7 MB 55 kB/s



