

  █ THRESHOLDS 

    http_req_duration
    ✓ 'p(99)<250' p(99)=37.89ms

      {expected_response:true}
      ✓ 'avg<100' avg=6.3ms

    http_req_failed
    ✓ 'rate<0.01' rate=0.00%


  █ TOTAL RESULTS 

    checks_total.......: 48001   3199.290064/s
    checks_succeeded...: 100.00% 48001 out of 48001
    checks_failed......: 0.00%   0 out of 48001

    ✓ accepted

    HTTP
    http_req_duration..............: avg=6.3ms  p(50)=2.52ms p(95)=26.86ms p(99)=37.89ms max=60.38ms
      { expected_response:true }...: avg=6.3ms  p(50)=2.52ms p(95)=26.86ms p(99)=37.89ms max=60.38ms
    http_req_failed................: 0.00%  0 out of 48001
    http_reqs......................: 48001  3199.290064/s

    EXECUTION
    iteration_duration.............: avg=6.57ms p(50)=2.63ms p(95)=26.98ms p(99)=38.08ms max=1.08s  
    iterations.....................: 48001  3199.290064/s
    vus............................: 8      min=3          max=58 
    vus_max........................: 200    min=200        max=200

    NETWORK
    data_received..................: 4.1 MB 272 kB/s
    data_sent......................: 3.8 MB 256 kB/s



