

  █ THRESHOLDS 

    http_req_duration
    ✓ 'p(99)<250' p(99)=18.18ms

      {expected_response:true}
      ✓ 'avg<100' avg=8.94ms

    http_req_failed
    ✓ 'rate<0.01' rate=0.00%


  █ TOTAL RESULTS 

    checks_total.......: 1801    119.981633/s
    checks_succeeded...: 100.00% 1801 out of 1801
    checks_failed......: 0.00%   0 out of 1801

    ✓ accepted

    HTTP
    http_req_duration..............: avg=8.94ms p(50)=8.57ms p(95)=13.19ms p(99)=18.18ms max=38.29ms
      { expected_response:true }...: avg=8.94ms p(50)=8.57ms p(95)=13.19ms p(99)=18.18ms max=38.29ms
    http_req_failed................: 0.00%  0 out of 1801
    http_reqs......................: 1801   119.981633/s

    EXECUTION
    iteration_duration.............: avg=9.31ms p(50)=8.91ms p(95)=13.53ms p(99)=19.21ms max=38.53ms
    iterations.....................: 1801   119.981633/s
    vus............................: 2      min=1         max=2  
    vus_max........................: 200    min=200       max=200

    NETWORK
    data_received..................: 19 MB  1.3 MB/s
    data_sent......................: 137 kB 9.1 kB/s



