time="2026-09-20T19:09:49Z" level=warning msg="Insufficient VUs, reached 200 active VUs and cannot initialize more" executor=constant-arrival-rate scenario=ingest


  █ THRESHOLDS 

    http_req_duration
    ✓ 'p(99)<250' p(99)=68.86ms

      {expected_response:true}
      ✓ 'avg<100' avg=24.55ms

    http_req_failed
    ✓ 'rate<0.01' rate=0.00%


  █ TOTAL RESULTS 

    checks_total.......: 69074   4598.92084/s
    checks_succeeded...: 100.00% 69074 out of 69074
    checks_failed......: 0.00%   0 out of 69074

    ✓ accepted

    HTTP
    http_req_duration..............: avg=24.55ms p(50)=23.53ms p(95)=50.11ms p(99)=68.86ms max=246.27ms
      { expected_response:true }...: avg=24.55ms p(50)=23.53ms p(95)=50.11ms p(99)=68.86ms max=246.27ms
    http_req_failed................: 0.00%  0 out of 69074
    http_reqs......................: 69074  4598.92084/s

    EXECUTION
    dropped_iterations.............: 2927   194.878555/s
    iteration_duration.............: avg=25.34ms p(50)=23.66ms p(95)=50.39ms p(99)=69.89ms max=1.08s   
    iterations.....................: 69074  4598.92084/s
    vus............................: 150    min=20         max=196
    vus_max........................: 200    min=200        max=200

    NETWORK
    data_received..................: 5.9 MB 391 kB/s
    data_sent......................: 5.5 MB 368 kB/s



