

  █ THRESHOLDS 

    http_req_duration
    ✓ 'p(99)<250' p(99)=24.21ms

      {expected_response:true}
      ✓ 'avg<100' avg=9.92ms

    http_req_failed
    ✓ 'rate<0.01' rate=0.00%


  █ TOTAL RESULTS 

    checks_total.......: 3601    239.849018/s
    checks_succeeded...: 100.00% 3601 out of 3601
    checks_failed......: 0.00%   0 out of 3601

    ✓ accepted

    HTTP
    http_req_duration..............: avg=9.92ms  p(50)=8.76ms p(95)=17.83ms p(99)=24.21ms max=37.57ms
      { expected_response:true }...: avg=9.92ms  p(50)=8.76ms p(95)=17.83ms p(99)=24.21ms max=37.57ms
    http_req_failed................: 0.00%  0 out of 3601
    http_reqs......................: 3601   239.849018/s

    EXECUTION
    iteration_duration.............: avg=10.19ms p(50)=9.07ms p(95)=18.1ms  p(99)=24.63ms max=37.85ms
    iterations.....................: 3601   239.849018/s
    vus............................: 2      min=1         max=5  
    vus_max........................: 200    min=200       max=200

    NETWORK
    data_received..................: 39 MB  2.6 MB/s
    data_sent......................: 274 kB 18 kB/s



