

  █ THRESHOLDS 

    http_req_duration
    ✓ 'p(99)<250' p(99)=131.49ms

      {expected_response:true}
      ✓ 'avg<100' avg=26.52ms

    http_req_failed
    ✓ 'rate<0.01' rate=0.00%


  █ TOTAL RESULTS 

    checks_total.......: 6000    399.183922/s
    checks_succeeded...: 100.00% 6000 out of 6000
    checks_failed......: 0.00%   0 out of 6000

    ✓ accepted

    HTTP
    http_req_duration..............: avg=26.52ms p(50)=16.44ms p(95)=77ms    p(99)=131.49ms max=142.44ms
      { expected_response:true }...: avg=26.52ms p(50)=16.44ms p(95)=77ms    p(99)=131.49ms max=142.44ms
    http_req_failed................: 0.00%  0 out of 6000
    http_reqs......................: 6000   399.183922/s

    EXECUTION
    iteration_duration.............: avg=26.77ms p(50)=16.69ms p(95)=77.21ms p(99)=131.68ms max=142.58ms
    iterations.....................: 6000   399.183922/s
    vus............................: 3      min=1         max=55 
    vus_max........................: 200    min=200       max=200

    NETWORK
    data_received..................: 690 kB 46 kB/s
    data_sent......................: 1.7 MB 110 kB/s



