

  █ THRESHOLDS 

    http_req_duration
    ✓ 'p(99)<250' p(99)=15.39ms

      {expected_response:true}
      ✓ 'avg<100' avg=10.16ms

    http_req_failed
    ✓ 'rate<0.01' rate=0.00%


  █ TOTAL RESULTS 

    checks_total.......: 601     40.031873/s
    checks_succeeded...: 100.00% 601 out of 601
    checks_failed......: 0.00%   0 out of 601

    ✓ accepted

    HTTP
    http_req_duration..............: avg=10.16ms p(50)=10.14ms p(95)=13.3ms  p(99)=15.39ms max=41.13ms
      { expected_response:true }...: avg=10.16ms p(50)=10.14ms p(95)=13.3ms  p(99)=15.39ms max=41.13ms
    http_req_failed................: 0.00%  0 out of 601
    http_reqs......................: 601    40.031873/s

    EXECUTION
    iteration_duration.............: avg=10.82ms p(50)=10.77ms p(95)=14.39ms p(99)=16.99ms max=42.23ms
    iterations.....................: 601    40.031873/s
    vus............................: 1      min=1        max=1  
    vus_max........................: 200    min=200      max=200

    NETWORK
    data_received..................: 6.4 MB 428 kB/s
    data_sent......................: 46 kB  3.0 kB/s



