=== two copies of the SAME binary (xyk-dyn-6359a88) on bench-a ===
ready
  arm a pid=1354409   arm b pid=1354410   CLK_TCK=100   subject nproc=4
=== 9 rounds at 180 rps, the same binary as both arms, interleaved, round 1 discarded ===
  a,1,179.99331,5.19ms,17.22ms,0,0.00%,5401,5400,yes,40.38,0.31,40.43,7476.4,7485.7,4,31.5,0.99,clean
  b,1,179.898151,4.58ms,16.61ms,0,0.00%,5401,5400,yes,35.67,1.36,36.71,6604.3,6796.9,4,32.0,0.99,clean
  a,2,179.99559,5ms,19.03ms,0,0.00%,5400,5400,yes,39.96,1.34,40.72,7400.0,7540.7,4,32.0,0.99,clean
  b,2,179.932559,4.93ms,19.07ms,0,0.00%,5400,5400,yes,38.82,1.45,39.75,7188.9,7361.1,4,32.1,0.99,clean
  a,3,179.974015,5ms,19.77ms,0,0.00%,5400,5400,yes,40.34,1.28,41.18,7470.4,7625.9,4,32.0,0.99,clean
  b,3,179.987548,4.96ms,20.43ms,0,0.00%,5401,5400,yes,39.11,1.38,40.02,7241.3,7409.7,4,32.1,0.99,clean
  a,4,179.990325,5.12ms,20.86ms,0,0.00%,5400,5400,yes,40.88,1.27,41.75,7570.4,7731.5,4,32.0,0.99,clean
  b,4,179.990722,4.87ms,36.07ms,0,0.00%,5400,5400,yes,37.69,1.57,38.98,6979.6,7218.5,4,32.0,0.99,clean
  a,5,179.990519,4.84ms,24.82ms,0,0.00%,5401,5400,yes,38.68,1.22,39.90,7161.6,7387.5,4,32.0,1.00,clean
  b,5,179.993016,5.79ms,23.11ms,0,0.00%,5400,5400,yes,45.40,1.57,46.16,8407.4,8548.1,4,32.0,0.98,clean
  a,6,179.984713,5.74ms,21.52ms,0,0.00%,5401,5400,yes,45.34,1.42,45.83,8394.7,8485.5,4,32.5,0.98,clean
  b,6,179.973271,5.52ms,21.49ms,0,0.00%,5400,5400,yes,43.11,1.46,43.86,7983.3,8122.2,4,32.0,0.98,clean
  a,7,179.979287,8.45ms,55.14ms,0,0.00%,5401,5400,yes,45.37,1.32,46.43,8400.3,8596.6,4,32.0,0.99,clean
  b,7,179.978456,7.7ms,135.42ms,0,0.00%,5401,5400,yes,41.59,1.37,42.90,7700.4,7943.0,4,32.0,1.00,clean
  a,8,179.97836,7.27ms,31.6ms,0,0.00%,5401,5400,yes,41.71,1.25,43.28,7722.6,8013.3,4,32.2,1.01,clean
  b,8,179.989596,7.76ms,39.88ms,0,0.00%,5401,5400,yes,43.11,1.44,44.87,7981.9,8307.7,4,32.0,1.01,clean
  a,9,179.990209,7.12ms,28.94ms,0,0.00%,5400,5400,yes,42.57,1.27,43.94,7883.3,8137.0,4,32.0,1.00,clean
  b,9,179.971061,7.6ms,32.64ms,0,0.00%,5400,5400,yes,42.59,1.48,44.26,7887.0,8196.3,4,32.0,1.00,clean
arm  round  rps         p50     p99       dropped  failed  responses  offered  accounting  proc_cpu_s  idle_arm_cpu_s  machine_busy_s  us_proc  us_machine  nproc  wall_s  machine_over_arms  contamination
a    1      179.99331   5.19ms  17.22ms   0        0.00%   5401       5400     yes         40.38       0.31            40.43           7476.4   7485.7      4      31.5    0.99               clean
b    1      179.898151  4.58ms  16.61ms   0        0.00%   5401       5400     yes         35.67       1.36            36.71           6604.3   6796.9      4      32.0    0.99               clean
a    2      179.99559   5ms     19.03ms   0        0.00%   5400       5400     yes         39.96       1.34            40.72           7400.0   7540.7      4      32.0    0.99               clean
b    2      179.932559  4.93ms  19.07ms   0        0.00%   5400       5400     yes         38.82       1.45            39.75           7188.9   7361.1      4      32.1    0.99               clean
a    3      179.974015  5ms     19.77ms   0        0.00%   5400       5400     yes         40.34       1.28            41.18           7470.4   7625.9      4      32.0    0.99               clean
b    3      179.987548  4.96ms  20.43ms   0        0.00%   5401       5400     yes         39.11       1.38            40.02           7241.3   7409.7      4      32.1    0.99               clean
a    4      179.990325  5.12ms  20.86ms   0        0.00%   5400       5400     yes         40.88       1.27            41.75           7570.4   7731.5      4      32.0    0.99               clean
b    4      179.990722  4.87ms  36.07ms   0        0.00%   5400       5400     yes         37.69       1.57            38.98           6979.6   7218.5      4      32.0    0.99               clean
a    5      179.990519  4.84ms  24.82ms   0        0.00%   5401       5400     yes         38.68       1.22            39.90           7161.6   7387.5      4      32.0    1.00               clean
b    5      179.993016  5.79ms  23.11ms   0        0.00%   5400       5400     yes         45.40       1.57            46.16           8407.4   8548.1      4      32.0    0.98               clean
a    6      179.984713  5.74ms  21.52ms   0        0.00%   5401       5400     yes         45.34       1.42            45.83           8394.7   8485.5      4      32.5    0.98               clean
b    6      179.973271  5.52ms  21.49ms   0        0.00%   5400       5400     yes         43.11       1.46            43.86           7983.3   8122.2      4      32.0    0.98               clean
a    7      179.979287  8.45ms  55.14ms   0        0.00%   5401       5400     yes         45.37       1.32            46.43           8400.3   8596.6      4      32.0    0.99               clean
b    7      179.978456  7.7ms   135.42ms  0        0.00%   5401       5400     yes         41.59       1.37            42.90           7700.4   7943.0      4      32.0    1.00               clean
a    8      179.97836   7.27ms  31.6ms    0        0.00%   5401       5400     yes         41.71       1.25            43.28           7722.6   8013.3      4      32.2    1.01               clean
b    8      179.989596  7.76ms  39.88ms   0        0.00%   5401       5400     yes         43.11       1.44            44.87           7981.9   8307.7      4      32.0    1.01               clean
a    9      179.990209  7.12ms  28.94ms   0        0.00%   5400       5400     yes         42.57       1.27            43.94           7883.3   8137.0      4      32.0    1.00               clean
b    9      179.971061  7.6ms   32.64ms   0        0.00%   5400       5400     yes         42.59       1.48            44.26           7887.0   8196.3      4      32.0    1.00               clean
subject:   ubuntu-8gb-nbg1-1 4 ldd (Ubuntu GLIBC 2.43-2ubuntu2.4) 2.43 
generator: ubuntu-8gb-nbg1-2 4 k6 v1.4.1-release (commit/8cc106e574, go1.25.4, linux/amd64) 
arm a:     xyk-dyn-6359a88  19590808 bytes, mtime 2026-09-20 22:28:51.178321224 +0000
arm b:     xyk-dyn-6359a88  19590808 bytes, mtime 2026-09-20 22:28:51.178321224 +0000
env a:     (none)
env b:     LD_PRELOAD=/usr/lib/x86_64-linux-gnu/libjemalloc.so.2
mode: ruler  rate: 180  duration: 30s  rounds: 9  connections: 200
